[0.117s] DEBUG:colcon:Command line arguments: ['/usr/bin/colcon', 'build', '--packages-select', 'servo_test']
[0.117s] DEBUG:colcon:Parsed command line arguments: Namespace(log_base=None, log_level=None, verb_name='build', build_base='build', install_base='install', merge_install=False, symlink_install=False, test_result_base=None, continue_on_error=False, executor='parallel', parallel_workers=12, event_handlers=None, ignore_user_meta=False, metas=['./colcon.meta'], base_paths=['.'], packages_ignore=None, packages_ignore_regex=None, paths=None, packages_up_to=None, packages_up_to_regex=None, packages_above=None, packages_above_and_dependencies=None, packages_above_depth=None, packages_select_by_dep=None, packages_skip_by_dep=None, packages_skip_up_to=None, packages_select_build_failed=False, packages_skip_build_finished=False, packages_select_test_failures=False, packages_skip_test_passed=False, packages_select=['servo_test'], packages_skip=None, packages_select_regex=None, packages_skip_regex=None, packages_start=None, packages_end=None, allow_overriding=[], cmake_args=None, cmake_target=None, cmake_target_skip_unavailable=False, cmake_clean_cache=False, cmake_clean_first=False, cmake_force_configure=False, ament_cmake_args=None, catkin_cmake_args=None, catkin_skip_building_tests=False, mixin_files=None, mixin=None, verb_parser=<colcon_mixin.mixin.mixin_argument.MixinArgumentDecorator object at 0x7fd555228620>, verb_extension=<colcon_core.verb.build.BuildVerb object at 0x7fd5553c9eb0>, main=<bound method BuildVerb.main of <colcon_core.verb.build.BuildVerb object at 0x7fd5553c9eb0>>, mixin_verb=('build',))
[0.158s] Level 1:colcon.colcon_core.package_discovery:discover_packages(colcon_meta) check parameters
[0.158s] Level 1:colcon.colcon_core.package_discovery:discover_packages(recursive) check parameters
[0.158s] Level 1:colcon.colcon_core.package_discovery:discover_packages(ignore) check parameters
[0.158s] Level 1:colcon.colcon_core.package_discovery:discover_packages(path) check parameters
[0.158s] Level 1:colcon.colcon_core.package_discovery:discover_packages(colcon_meta) discover
[0.158s] Level 1:colcon.colcon_core.package_discovery:discover_packages(recursive) discover
[0.158s] INFO:colcon.colcon_core.package_discovery:Crawling recursively for packages in '/home/ubuntu/serial_can_bridge'
[0.158s] Level 1:colcon.colcon_core.package_identification:_identify(.) by extensions ['ignore', 'ignore_ament_install']
[0.158s] Level 1:colcon.colcon_core.package_identification:_identify(.) by extension 'ignore'
[0.158s] Level 1:colcon.colcon_core.package_identification:_identify(.) by extension 'ignore_ament_install'
[0.158s] Level 1:colcon.colcon_core.package_identification:_identify(.) by extensions ['colcon_pkg']
[0.158s] Level 1:colcon.colcon_core.package_identification:_identify(.) by extension 'colcon_pkg'
[0.159s] Level 1:colcon.colcon_core.package_identification:_identify(.) by extensions ['colcon_meta']
[0.159s] Level 1:colcon.colcon_core.package_identification:_identify(.) by extension 'colcon_meta'
[0.159s] Level 1:colcon.colcon_core.package_identification:_identify(.) by extensions ['ros']
[0.159s] Level 1:colcon.colcon_core.package_identification:_identify(.) by extension 'ros'
[0.190s] DEBUG:colcon.colcon_core.package_identification:Package '.' with type 'ros.ament_cmake' and name 'serial_bridge'
[0.190s] Level 1:colcon.colcon_core.package_discovery:discover_packages(recursive) using defaults
[0.190s] Level 1:colcon.colcon_core.package_discovery:discover_packages(ignore) discover
[0.190s] Level 1:colcon.colcon_core.package_discovery:discover_packages(ignore) using defaults
[0.190s] Level 1:colcon.colcon_core.package_discovery:discover_packages(path) discover
[0.190s] Level 1:colcon.colcon_core.package_discovery:discover_packages(path) using defaults
[0.190s] WARNING:colcon.colcon_core.package_selection:ignoring unknown package 'servo_test' in --packages-select
[0.213s] INFO:colcon.colcon_core.package_selection:Skipping not selected package 'serial_bridge' in '.'
[0.214s] Level 1:colcon.colcon_core.package_discovery:discover_packages(prefix_path) check parameters
[0.214s] Level 1:colcon.colcon_core.package_discovery:discover_packages(prefix_path) discover
[0.216s] DEBUG:colcon.colcon_installed_package_information.package_discovery:Found 0 installed packages in /home/ubuntu/serial_can_bridge/install
[0.217s] DEBUG:colcon.colcon_installed_package_information.package_discovery:Found 23 installed packages in /home/ubuntu/ros2_ws/install
[0.219s] DEBUG:colcon.colcon_installed_package_information.package_discovery:Found 304 installed packages in /opt/ros/jazzy
[0.221s] Level 1:colcon.colcon_core.package_discovery:discover_packages(prefix_path) using defaults
[0.265s] INFO:colcon.colcon_core.executor:Executing jobs using 'parallel' executor
[0.267s] DEBUG:colcon.colcon_parallel_executor.executor.parallel:run_until_complete
[0.267s] DEBUG:colcon.colcon_parallel_executor.executor.parallel:closing loop
[0.267s] DEBUG:colcon.colcon_parallel_executor.executor.parallel:loop closed
[0.268s] DEBUG:colcon.colcon_parallel_executor.executor.parallel:run_until_complete finished with '0'
[0.268s] DEBUG:colcon.colcon_core.event_reactor:joining thread
[0.276s] INFO:colcon.colcon_core.plugin_system:Skipping extension 'colcon_notification.desktop_notification.terminal_notifier': Not used on non-Darwin systems
[0.276s] INFO:colcon.colcon_core.plugin_system:Skipping extension 'colcon_notification.desktop_notification.win32': Not used on non-Windows systems
[0.276s] INFO:colcon.colcon_notification.desktop_notification:Sending desktop notification using 'notify2'
[0.295s] DEBUG:colcon.colcon_core.event_reactor:joined thread
[0.298s] INFO:colcon.colcon_core.plugin_system:Skipping extension 'colcon_core.shell.bat': Not used on non-Windows systems
[0.299s] INFO:colcon.colcon_core.shell:Creating prefix script '/home/ubuntu/serial_can_bridge/install/local_setup.ps1'
[0.300s] INFO:colcon.colcon_core.shell:Creating prefix util module '/home/ubuntu/serial_can_bridge/install/_local_setup_util_ps1.py'
[0.301s] INFO:colcon.colcon_core.shell:Creating prefix chain script '/home/ubuntu/serial_can_bridge/install/setup.ps1'
[0.304s] INFO:colcon.colcon_core.shell:Creating prefix script '/home/ubuntu/serial_can_bridge/install/local_setup.sh'
[0.304s] INFO:colcon.colcon_core.shell:Creating prefix util module '/home/ubuntu/serial_can_bridge/install/_local_setup_util_sh.py'
[0.305s] INFO:colcon.colcon_core.shell:Creating prefix chain script '/home/ubuntu/serial_can_bridge/install/setup.sh'
[0.308s] INFO:colcon.colcon_core.shell:Creating prefix script '/home/ubuntu/serial_can_bridge/install/local_setup.bash'
[0.308s] INFO:colcon.colcon_core.shell:Creating prefix chain script '/home/ubuntu/serial_can_bridge/install/setup.bash'
[0.310s] INFO:colcon.colcon_core.shell:Creating prefix script '/home/ubuntu/serial_can_bridge/install/local_setup.zsh'
[0.311s] INFO:colcon.colcon_core.shell:Creating prefix chain script '/home/ubuntu/serial_can_bridge/install/setup.zsh'
