[0.087s] DEBUG:colcon:Command line arguments: ['/usr/bin/colcon', 'build', '--packages-select', 'serial_bridge']
[0.087s] DEBUG:colcon:Parsed command line arguments: Namespace(log_base=None, log_level=None, verb_name='build', build_base='build', install_base='install', merge_install=False, symlink_install=False, test_result_base=None, continue_on_error=False, executor='parallel', parallel_workers=16, event_handlers=None, ignore_user_meta=False, metas=['./colcon.meta'], base_paths=['.'], packages_ignore=None, packages_ignore_regex=None, paths=None, packages_up_to=None, packages_up_to_regex=None, packages_above=None, packages_above_and_dependencies=None, packages_above_depth=None, packages_select_by_dep=None, packages_skip_by_dep=None, packages_skip_up_to=None, packages_select_build_failed=False, packages_skip_build_finished=False, packages_select_test_failures=False, packages_skip_test_passed=False, packages_select=['serial_bridge'], packages_skip=None, packages_select_regex=None, packages_skip_regex=None, packages_start=None, packages_end=None, allow_overriding=[], cmake_args=None, cmake_target=None, cmake_target_skip_unavailable=False, cmake_clean_cache=False, cmake_clean_first=False, cmake_force_configure=False, ament_cmake_args=None, catkin_cmake_args=None, catkin_skip_building_tests=False, mixin_files=None, mixin=None, verb_parser=<colcon_mixin.mixin.mixin_argument.MixinArgumentDecorator object at 0x7ac1fae8ed80>, verb_extension=<colcon_core.verb.build.BuildVerb object at 0x7ac1fafb3560>, main=<bound method BuildVerb.main of <colcon_core.verb.build.BuildVerb object at 0x7ac1fafb3560>>, mixin_verb=('build',))
[0.118s] Level 1:colcon.colcon_core.package_discovery:discover_packages(colcon_meta) check parameters
[0.119s] Level 1:colcon.colcon_core.package_discovery:discover_packages(recursive) check parameters
[0.119s] Level 1:colcon.colcon_core.package_discovery:discover_packages(ignore) check parameters
[0.119s] Level 1:colcon.colcon_core.package_discovery:discover_packages(path) check parameters
[0.119s] Level 1:colcon.colcon_core.package_discovery:discover_packages(colcon_meta) discover
[0.119s] Level 1:colcon.colcon_core.package_discovery:discover_packages(recursive) discover
[0.119s] INFO:colcon.colcon_core.package_discovery:Crawling recursively for packages in '/home/ubuntu/serial_can_bridge'
[0.119s] Level 1:colcon.colcon_core.package_identification:_identify(.) by extensions ['ignore', 'ignore_ament_install']
[0.119s] Level 1:colcon.colcon_core.package_identification:_identify(.) by extension 'ignore'
[0.119s] Level 1:colcon.colcon_core.package_identification:_identify(.) by extension 'ignore_ament_install'
[0.119s] Level 1:colcon.colcon_core.package_identification:_identify(.) by extensions ['colcon_pkg']
[0.119s] Level 1:colcon.colcon_core.package_identification:_identify(.) by extension 'colcon_pkg'
[0.119s] Level 1:colcon.colcon_core.package_identification:_identify(.) by extensions ['colcon_meta']
[0.119s] Level 1:colcon.colcon_core.package_identification:_identify(.) by extension 'colcon_meta'
[0.119s] Level 1:colcon.colcon_core.package_identification:_identify(.) by extensions ['ros']
[0.119s] Level 1:colcon.colcon_core.package_identification:_identify(.) by extension 'ros'
[0.141s] DEBUG:colcon.colcon_core.package_identification:Package '.' with type 'ros.ament_cmake' and name 'serial_bridge'
[0.142s] Level 1:colcon.colcon_core.package_discovery:discover_packages(recursive) using defaults
[0.142s] Level 1:colcon.colcon_core.package_discovery:discover_packages(ignore) discover
[0.142s] Level 1:colcon.colcon_core.package_discovery:discover_packages(ignore) using defaults
[0.142s] Level 1:colcon.colcon_core.package_discovery:discover_packages(path) discover
[0.142s] Level 1:colcon.colcon_core.package_discovery:discover_packages(path) using defaults
[0.161s] Level 1:colcon.colcon_core.package_discovery:discover_packages(prefix_path) check parameters
[0.161s] Level 1:colcon.colcon_core.package_discovery:discover_packages(prefix_path) discover
[0.164s] DEBUG:colcon.colcon_installed_package_information.package_discovery:Found 12 installed packages in /home/ubuntu/Natsurobo2026/install
[0.166s] DEBUG:colcon.colcon_installed_package_information.package_discovery:Found 26 installed packages in /home/ubuntu/rrst-ros2-ws-nr26/install
[0.166s] DEBUG:colcon.colcon_installed_package_information.package_discovery:Found 4 installed packages in /home/ubuntu/ros2_ws/install
[0.168s] DEBUG:colcon.colcon_installed_package_information.package_discovery:Found 309 installed packages in /opt/ros/jazzy
[0.169s] Level 1:colcon.colcon_core.package_discovery:discover_packages(prefix_path) using defaults
[0.207s] Level 5:colcon.colcon_core.verb:set package 'serial_bridge' build argument 'cmake_args' from command line to 'None'
[0.207s] Level 5:colcon.colcon_core.verb:set package 'serial_bridge' build argument 'cmake_target' from command line to 'None'
[0.207s] Level 5:colcon.colcon_core.verb:set package 'serial_bridge' build argument 'cmake_target_skip_unavailable' from command line to 'False'
[0.207s] Level 5:colcon.colcon_core.verb:set package 'serial_bridge' build argument 'cmake_clean_cache' from command line to 'False'
[0.207s] Level 5:colcon.colcon_core.verb:set package 'serial_bridge' build argument 'cmake_clean_first' from command line to 'False'
[0.207s] Level 5:colcon.colcon_core.verb:set package 'serial_bridge' build argument 'cmake_force_configure' from command line to 'False'
[0.207s] Level 5:colcon.colcon_core.verb:set package 'serial_bridge' build argument 'ament_cmake_args' from command line to 'None'
[0.207s] Level 5:colcon.colcon_core.verb:set package 'serial_bridge' build argument 'catkin_cmake_args' from command line to 'None'
[0.207s] Level 5:colcon.colcon_core.verb:set package 'serial_bridge' build argument 'catkin_skip_building_tests' from command line to 'False'
[0.207s] DEBUG:colcon.colcon_core.verb:Building package 'serial_bridge' with the following arguments: {'ament_cmake_args': None, 'build_base': '/home/ubuntu/serial_can_bridge/build/serial_bridge', 'catkin_cmake_args': None, 'catkin_skip_building_tests': False, 'cmake_args': None, 'cmake_clean_cache': False, 'cmake_clean_first': False, 'cmake_force_configure': False, 'cmake_target': None, 'cmake_target_skip_unavailable': False, 'install_base': '/home/ubuntu/serial_can_bridge/install/serial_bridge', 'merge_install': False, 'path': '/home/ubuntu/serial_can_bridge', 'symlink_install': False, 'test_result_base': None}
[0.207s] INFO:colcon.colcon_core.executor:Executing jobs using 'parallel' executor
[0.208s] DEBUG:colcon.colcon_parallel_executor.executor.parallel:run_until_complete
[0.208s] INFO:colcon.colcon_ros.task.ament_cmake.build:Building ROS package in '/home/ubuntu/serial_can_bridge' with build type 'ament_cmake'
[0.208s] INFO:colcon.colcon_cmake.task.cmake.build:Building CMake package in '/home/ubuntu/serial_can_bridge'
[0.210s] INFO:colcon.colcon_core.plugin_system:Skipping extension 'colcon_core.shell.bat': Not used on non-Windows systems
[0.211s] INFO:colcon.colcon_core.shell:Skip shell extension 'powershell' for command environment: Not usable outside of PowerShell
[0.211s] DEBUG:colcon.colcon_core.shell:Skip shell extension 'dsv' for command environment
[0.221s] DEBUG:colcon.colcon_core.event_handler.log_command:Invoking command in '/home/ubuntu/serial_can_bridge/build/serial_bridge': CMAKE_PREFIX_PATH=${CMAKE_PREFIX_PATH}:/home/ubuntu/rrst-ros2-ws-nr26/install/webcam_viewer:/home/ubuntu/rrst-ros2-ws-nr26/install/webcam_calibration:/home/ubuntu/rrst-ros2-ws-nr26/install/sdm15_ros2:/home/ubuntu/rrst-ros2-ws-nr26/install/aruco_realsense_tracker:/home/ubuntu/rrst-ros2-ws-nr26/install/r2_diagnostics:/home/ubuntu/rrst-ros2-ws-nr26/install/plane_detection:/home/ubuntu/rrst-ros2-ws-nr26/install/ld19_eight_direction_distance:/home/ubuntu/rrst-ros2-ws-nr26/install/kfs_pkg:/home/ubuntu/rrst-ros2-ws-nr26/install/kfs_detection:/home/ubuntu/rrst-ros2-ws-nr26/install/kfs_cube_identifier:/home/ubuntu/rrst-ros2-ws-nr26/install/gesture_detection:/home/ubuntu/rrst-ros2-ws-nr26/install/cube_detection:/home/ubuntu/rrst-ros2-ws-nr26/install/aruco_tracker:/home/ubuntu/Natsurobo2026/install/natsu_odrive:/opt/ros/jazzy DEBUGINFOD_URLS=https://debuginfod.ubuntu.com /usr/bin/cmake /home/ubuntu/serial_can_bridge -DCMAKE_INSTALL_PREFIX=/home/ubuntu/serial_can_bridge/install/serial_bridge
[1.703s] DEBUG:colcon.colcon_core.event_handler.log_command:Invoked command in '/home/ubuntu/serial_can_bridge/build/serial_bridge' returned '0': CMAKE_PREFIX_PATH=${CMAKE_PREFIX_PATH}:/home/ubuntu/rrst-ros2-ws-nr26/install/webcam_viewer:/home/ubuntu/rrst-ros2-ws-nr26/install/webcam_calibration:/home/ubuntu/rrst-ros2-ws-nr26/install/sdm15_ros2:/home/ubuntu/rrst-ros2-ws-nr26/install/aruco_realsense_tracker:/home/ubuntu/rrst-ros2-ws-nr26/install/r2_diagnostics:/home/ubuntu/rrst-ros2-ws-nr26/install/plane_detection:/home/ubuntu/rrst-ros2-ws-nr26/install/ld19_eight_direction_distance:/home/ubuntu/rrst-ros2-ws-nr26/install/kfs_pkg:/home/ubuntu/rrst-ros2-ws-nr26/install/kfs_detection:/home/ubuntu/rrst-ros2-ws-nr26/install/kfs_cube_identifier:/home/ubuntu/rrst-ros2-ws-nr26/install/gesture_detection:/home/ubuntu/rrst-ros2-ws-nr26/install/cube_detection:/home/ubuntu/rrst-ros2-ws-nr26/install/aruco_tracker:/home/ubuntu/Natsurobo2026/install/natsu_odrive:/opt/ros/jazzy DEBUGINFOD_URLS=https://debuginfod.ubuntu.com /usr/bin/cmake /home/ubuntu/serial_can_bridge -DCMAKE_INSTALL_PREFIX=/home/ubuntu/serial_can_bridge/install/serial_bridge
[1.704s] DEBUG:colcon.colcon_core.event_handler.log_command:Invoking command in '/home/ubuntu/serial_can_bridge/build/serial_bridge': CMAKE_PREFIX_PATH=${CMAKE_PREFIX_PATH}:/home/ubuntu/rrst-ros2-ws-nr26/install/webcam_viewer:/home/ubuntu/rrst-ros2-ws-nr26/install/webcam_calibration:/home/ubuntu/rrst-ros2-ws-nr26/install/sdm15_ros2:/home/ubuntu/rrst-ros2-ws-nr26/install/aruco_realsense_tracker:/home/ubuntu/rrst-ros2-ws-nr26/install/r2_diagnostics:/home/ubuntu/rrst-ros2-ws-nr26/install/plane_detection:/home/ubuntu/rrst-ros2-ws-nr26/install/ld19_eight_direction_distance:/home/ubuntu/rrst-ros2-ws-nr26/install/kfs_pkg:/home/ubuntu/rrst-ros2-ws-nr26/install/kfs_detection:/home/ubuntu/rrst-ros2-ws-nr26/install/kfs_cube_identifier:/home/ubuntu/rrst-ros2-ws-nr26/install/gesture_detection:/home/ubuntu/rrst-ros2-ws-nr26/install/cube_detection:/home/ubuntu/rrst-ros2-ws-nr26/install/aruco_tracker:/home/ubuntu/Natsurobo2026/install/natsu_odrive:/opt/ros/jazzy DEBUGINFOD_URLS=https://debuginfod.ubuntu.com /usr/bin/cmake --build /home/ubuntu/serial_can_bridge/build/serial_bridge -- -j16 -l16
[8.796s] DEBUG:colcon.colcon_core.event_handler.log_command:Invoked command in '/home/ubuntu/serial_can_bridge/build/serial_bridge' returned '0': CMAKE_PREFIX_PATH=${CMAKE_PREFIX_PATH}:/home/ubuntu/rrst-ros2-ws-nr26/install/webcam_viewer:/home/ubuntu/rrst-ros2-ws-nr26/install/webcam_calibration:/home/ubuntu/rrst-ros2-ws-nr26/install/sdm15_ros2:/home/ubuntu/rrst-ros2-ws-nr26/install/aruco_realsense_tracker:/home/ubuntu/rrst-ros2-ws-nr26/install/r2_diagnostics:/home/ubuntu/rrst-ros2-ws-nr26/install/plane_detection:/home/ubuntu/rrst-ros2-ws-nr26/install/ld19_eight_direction_distance:/home/ubuntu/rrst-ros2-ws-nr26/install/kfs_pkg:/home/ubuntu/rrst-ros2-ws-nr26/install/kfs_detection:/home/ubuntu/rrst-ros2-ws-nr26/install/kfs_cube_identifier:/home/ubuntu/rrst-ros2-ws-nr26/install/gesture_detection:/home/ubuntu/rrst-ros2-ws-nr26/install/cube_detection:/home/ubuntu/rrst-ros2-ws-nr26/install/aruco_tracker:/home/ubuntu/Natsurobo2026/install/natsu_odrive:/opt/ros/jazzy DEBUGINFOD_URLS=https://debuginfod.ubuntu.com /usr/bin/cmake --build /home/ubuntu/serial_can_bridge/build/serial_bridge -- -j16 -l16
[8.807s] DEBUG:colcon.colcon_core.event_handler.log_command:Invoking command in '/home/ubuntu/serial_can_bridge/build/serial_bridge': CMAKE_PREFIX_PATH=${CMAKE_PREFIX_PATH}:/home/ubuntu/rrst-ros2-ws-nr26/install/webcam_viewer:/home/ubuntu/rrst-ros2-ws-nr26/install/webcam_calibration:/home/ubuntu/rrst-ros2-ws-nr26/install/sdm15_ros2:/home/ubuntu/rrst-ros2-ws-nr26/install/aruco_realsense_tracker:/home/ubuntu/rrst-ros2-ws-nr26/install/r2_diagnostics:/home/ubuntu/rrst-ros2-ws-nr26/install/plane_detection:/home/ubuntu/rrst-ros2-ws-nr26/install/ld19_eight_direction_distance:/home/ubuntu/rrst-ros2-ws-nr26/install/kfs_pkg:/home/ubuntu/rrst-ros2-ws-nr26/install/kfs_detection:/home/ubuntu/rrst-ros2-ws-nr26/install/kfs_cube_identifier:/home/ubuntu/rrst-ros2-ws-nr26/install/gesture_detection:/home/ubuntu/rrst-ros2-ws-nr26/install/cube_detection:/home/ubuntu/rrst-ros2-ws-nr26/install/aruco_tracker:/home/ubuntu/Natsurobo2026/install/natsu_odrive:/opt/ros/jazzy DEBUGINFOD_URLS=https://debuginfod.ubuntu.com /usr/bin/cmake --install /home/ubuntu/serial_can_bridge/build/serial_bridge
[8.825s] Level 1:colcon.colcon_core.environment:create_environment_scripts_only(serial_bridge)
[8.825s] DEBUG:colcon.colcon_core.event_handler.log_command:Invoked command in '/home/ubuntu/serial_can_bridge/build/serial_bridge' returned '0': CMAKE_PREFIX_PATH=${CMAKE_PREFIX_PATH}:/home/ubuntu/rrst-ros2-ws-nr26/install/webcam_viewer:/home/ubuntu/rrst-ros2-ws-nr26/install/webcam_calibration:/home/ubuntu/rrst-ros2-ws-nr26/install/sdm15_ros2:/home/ubuntu/rrst-ros2-ws-nr26/install/aruco_realsense_tracker:/home/ubuntu/rrst-ros2-ws-nr26/install/r2_diagnostics:/home/ubuntu/rrst-ros2-ws-nr26/install/plane_detection:/home/ubuntu/rrst-ros2-ws-nr26/install/ld19_eight_direction_distance:/home/ubuntu/rrst-ros2-ws-nr26/install/kfs_pkg:/home/ubuntu/rrst-ros2-ws-nr26/install/kfs_detection:/home/ubuntu/rrst-ros2-ws-nr26/install/kfs_cube_identifier:/home/ubuntu/rrst-ros2-ws-nr26/install/gesture_detection:/home/ubuntu/rrst-ros2-ws-nr26/install/cube_detection:/home/ubuntu/rrst-ros2-ws-nr26/install/aruco_tracker:/home/ubuntu/Natsurobo2026/install/natsu_odrive:/opt/ros/jazzy DEBUGINFOD_URLS=https://debuginfod.ubuntu.com /usr/bin/cmake --install /home/ubuntu/serial_can_bridge/build/serial_bridge
[8.828s] Level 1:colcon.colcon_core.environment:checking '/home/ubuntu/serial_can_bridge/install/serial_bridge' for CMake module files
[8.828s] Level 1:colcon.colcon_core.environment:checking '/home/ubuntu/serial_can_bridge/install/serial_bridge' for CMake config files
[8.828s] Level 1:colcon.colcon_core.shell:create_environment_hook('serial_bridge', 'cmake_prefix_path')
[8.829s] INFO:colcon.colcon_core.shell:Creating environment hook '/home/ubuntu/serial_can_bridge/install/serial_bridge/share/serial_bridge/hook/cmake_prefix_path.ps1'
[8.829s] INFO:colcon.colcon_core.shell:Creating environment descriptor '/home/ubuntu/serial_can_bridge/install/serial_bridge/share/serial_bridge/hook/cmake_prefix_path.dsv'
[8.830s] INFO:colcon.colcon_core.shell:Creating environment hook '/home/ubuntu/serial_can_bridge/install/serial_bridge/share/serial_bridge/hook/cmake_prefix_path.sh'
[8.830s] Level 1:colcon.colcon_core.environment:checking '/home/ubuntu/serial_can_bridge/install/serial_bridge/lib'
[8.831s] Level 1:colcon.colcon_core.environment:checking '/home/ubuntu/serial_can_bridge/install/serial_bridge/bin'
[8.831s] Level 1:colcon.colcon_core.environment:checking '/home/ubuntu/serial_can_bridge/install/serial_bridge/lib/pkgconfig/serial_bridge.pc'
[8.831s] Level 1:colcon.colcon_core.environment:checking '/home/ubuntu/serial_can_bridge/install/serial_bridge/lib/python3.12/site-packages'
[8.831s] Level 1:colcon.colcon_core.environment:checking '/home/ubuntu/serial_can_bridge/install/serial_bridge/bin'
[8.831s] INFO:colcon.colcon_core.shell:Creating package script '/home/ubuntu/serial_can_bridge/install/serial_bridge/share/serial_bridge/package.ps1'
[8.832s] INFO:colcon.colcon_core.shell:Creating package descriptor '/home/ubuntu/serial_can_bridge/install/serial_bridge/share/serial_bridge/package.dsv'
[8.833s] INFO:colcon.colcon_core.shell:Creating package script '/home/ubuntu/serial_can_bridge/install/serial_bridge/share/serial_bridge/package.sh'
[8.833s] INFO:colcon.colcon_core.shell:Creating package script '/home/ubuntu/serial_can_bridge/install/serial_bridge/share/serial_bridge/package.bash'
[8.834s] INFO:colcon.colcon_core.shell:Creating package script '/home/ubuntu/serial_can_bridge/install/serial_bridge/share/serial_bridge/package.zsh'
[8.834s] Level 1:colcon.colcon_core.environment:create_file_with_runtime_dependencies(/home/ubuntu/serial_can_bridge/install/serial_bridge/share/colcon-core/packages/serial_bridge)
[8.835s] Level 1:colcon.colcon_core.environment:create_environment_scripts_only(serial_bridge)
[8.835s] Level 1:colcon.colcon_core.environment:checking '/home/ubuntu/serial_can_bridge/install/serial_bridge' for CMake module files
[8.835s] Level 1:colcon.colcon_core.environment:checking '/home/ubuntu/serial_can_bridge/install/serial_bridge' for CMake config files
[8.835s] Level 1:colcon.colcon_core.shell:create_environment_hook('serial_bridge', 'cmake_prefix_path')
[8.835s] INFO:colcon.colcon_core.shell:Creating environment hook '/home/ubuntu/serial_can_bridge/install/serial_bridge/share/serial_bridge/hook/cmake_prefix_path.ps1'
[8.836s] INFO:colcon.colcon_core.shell:Creating environment descriptor '/home/ubuntu/serial_can_bridge/install/serial_bridge/share/serial_bridge/hook/cmake_prefix_path.dsv'
[8.836s] INFO:colcon.colcon_core.shell:Creating environment hook '/home/ubuntu/serial_can_bridge/install/serial_bridge/share/serial_bridge/hook/cmake_prefix_path.sh'
[8.836s] Level 1:colcon.colcon_core.environment:checking '/home/ubuntu/serial_can_bridge/install/serial_bridge/lib'
[8.837s] Level 1:colcon.colcon_core.environment:checking '/home/ubuntu/serial_can_bridge/install/serial_bridge/bin'
[8.837s] Level 1:colcon.colcon_core.environment:checking '/home/ubuntu/serial_can_bridge/install/serial_bridge/lib/pkgconfig/serial_bridge.pc'
[8.837s] Level 1:colcon.colcon_core.environment:checking '/home/ubuntu/serial_can_bridge/install/serial_bridge/lib/python3.12/site-packages'
[8.837s] Level 1:colcon.colcon_core.environment:checking '/home/ubuntu/serial_can_bridge/install/serial_bridge/bin'
[8.837s] INFO:colcon.colcon_core.shell:Creating package script '/home/ubuntu/serial_can_bridge/install/serial_bridge/share/serial_bridge/package.ps1'
[8.838s] INFO:colcon.colcon_core.shell:Creating package descriptor '/home/ubuntu/serial_can_bridge/install/serial_bridge/share/serial_bridge/package.dsv'
[8.838s] INFO:colcon.colcon_core.shell:Creating package script '/home/ubuntu/serial_can_bridge/install/serial_bridge/share/serial_bridge/package.sh'
[8.838s] INFO:colcon.colcon_core.shell:Creating package script '/home/ubuntu/serial_can_bridge/install/serial_bridge/share/serial_bridge/package.bash'
[8.839s] INFO:colcon.colcon_core.shell:Creating package script '/home/ubuntu/serial_can_bridge/install/serial_bridge/share/serial_bridge/package.zsh'
[8.839s] Level 1:colcon.colcon_core.environment:create_file_with_runtime_dependencies(/home/ubuntu/serial_can_bridge/install/serial_bridge/share/colcon-core/packages/serial_bridge)
[8.839s] DEBUG:colcon.colcon_parallel_executor.executor.parallel:closing loop
[8.840s] DEBUG:colcon.colcon_parallel_executor.executor.parallel:loop closed
[8.840s] DEBUG:colcon.colcon_parallel_executor.executor.parallel:run_until_complete finished with '0'
[8.840s] DEBUG:colcon.colcon_core.event_reactor:joining thread
[8.846s] INFO:colcon.colcon_core.plugin_system:Skipping extension 'colcon_notification.desktop_notification.terminal_notifier': Not used on non-Darwin systems
[8.846s] INFO:colcon.colcon_core.plugin_system:Skipping extension 'colcon_notification.desktop_notification.win32': Not used on non-Windows systems
[8.846s] INFO:colcon.colcon_notification.desktop_notification:Sending desktop notification using 'notify2'
[8.859s] DEBUG:colcon.colcon_core.event_reactor:joined thread
[8.859s] INFO:colcon.colcon_core.shell:Creating prefix script '/home/ubuntu/serial_can_bridge/install/local_setup.ps1'
[8.860s] INFO:colcon.colcon_core.shell:Creating prefix util module '/home/ubuntu/serial_can_bridge/install/_local_setup_util_ps1.py'
[8.861s] INFO:colcon.colcon_core.shell:Creating prefix chain script '/home/ubuntu/serial_can_bridge/install/setup.ps1'
[8.863s] INFO:colcon.colcon_core.shell:Creating prefix script '/home/ubuntu/serial_can_bridge/install/local_setup.sh'
[8.864s] INFO:colcon.colcon_core.shell:Creating prefix util module '/home/ubuntu/serial_can_bridge/install/_local_setup_util_sh.py'
[8.864s] INFO:colcon.colcon_core.shell:Creating prefix chain script '/home/ubuntu/serial_can_bridge/install/setup.sh'
[8.867s] INFO:colcon.colcon_core.shell:Creating prefix script '/home/ubuntu/serial_can_bridge/install/local_setup.bash'
[8.867s] INFO:colcon.colcon_core.shell:Creating prefix chain script '/home/ubuntu/serial_can_bridge/install/setup.bash'
[8.869s] INFO:colcon.colcon_core.shell:Creating prefix script '/home/ubuntu/serial_can_bridge/install/local_setup.zsh'
[8.869s] INFO:colcon.colcon_core.shell:Creating prefix chain script '/home/ubuntu/serial_can_bridge/install/setup.zsh'
